[autosave] Script located at: /workspaces/dexwin-devops-assessment/.devcontainer
[autosave] Workspace root detected as: /workspaces/dexwin-devops-assessment
[autosave] Starting autosave loop. Default interval: 60s.
[autosave] Tue Aug 25 14:37:30 UTC 2026: Checking for changes...
[autosave] Tue Aug 25 14:37:30 UTC 2026: Changes detected:
?? .devcontainer/autosave.log
[candidate/dexwin-alvinseyram-ofori-1787668462 d87431f] Auto-save backup
 1 file changed, 6 insertions(+)
 create mode 100644 .devcontainer/autosave.log
To https://github.com/dexwin-tech-ltd/dexwin-devops-assessment
   8a1b41b..d87431f  HEAD -> candidate/dexwin-alvinseyram-ofori-1787668462
[autosave] Tue Aug 25 14:37:33 UTC 2026: New auto-save commit pushed successfully.
[autosave] Tue Aug 25 14:38:33 UTC 2026: Checking for changes...
[autosave] Tue Aug 25 14:38:33 UTC 2026: Changes detected:
 M .devcontainer/autosave.log
[candidate/dexwin-alvinseyram-ofori-1787668462 06c3767] Auto-save backup
 Date: Tue Aug 25 14:37:30 2026 +0000
 1 file changed, 15 insertions(+)
 create mode 100644 .devcontainer/autosave.log
To https://github.com/dexwin-tech-ltd/dexwin-devops-assessment
 + d87431f...06c3767 HEAD -> candidate/dexwin-alvinseyram-ofori-1787668462 (forced update)
[autosave] Tue Aug 25 14:38:34 UTC 2026: Amended and pushed successfully.
[autosave] Tue Aug 25 14:39:34 UTC 2026: Checking for changes...
[autosave] Tue Aug 25 14:39:34 UTC 2026: Changes detected:
 M .devcontainer/autosave.log
[candidate/dexwin-alvinseyram-ofori-1787668462 c7483ea] Auto-save backup
 Date: Tue Aug 25 14:37:30 2026 +0000
 1 file changed, 25 insertions(+)
 create mode 100644 .devcontainer/autosave.log
To https://github.com/dexwin-tech-ltd/dexwin-devops-assessment
 + 06c3767...c7483ea HEAD -> candidate/dexwin-alvinseyram-ofori-1787668462 (forced update)
[autosave] Tue Aug 25 14:39:36 UTC 2026: Amended and pushed successfully.
[autosave] Tue Aug 25 14:40:36 UTC 2026: Checking for changes...
[autosave] Tue Aug 25 14:40:36 UTC 2026: Changes detected:
 M .devcontainer/autosave.log
[candidate/dexwin-alvinseyram-ofori-1787668462 acfc5d2] Auto-save backup
 Date: Tue Aug 25 14:37:30 2026 +0000
 1 file changed, 35 insertions(+)
 create mode 100644 .devcontainer/autosave.log
To https://github.com/dexwin-tech-ltd/dexwin-devops-assessment
 + c7483ea...acfc5d2 HEAD -> candidate/dexwin-alvinseyram-ofori-1787668462 (forced update)
[autosave] Tue Aug 25 14:40:38 UTC 2026: Amended and pushed successfully.
[autosave] Tue Aug 25 14:41:38 UTC 2026: Checking for changes...
[autosave] Tue Aug 25 14:41:38 UTC 2026: Changes detected:
 M .devcontainer/autosave.log
[candidate/dexwin-alvinseyram-ofori-1787668462 5d89552] Auto-save backup
 Date: Tue Aug 25 14:37:30 2026 +0000
 1 file changed, 45 insertions(+)
 create mode 100644 .devcontainer/autosave.log
To https://github.com/dexwin-tech-ltd/dexwin-devops-assessment
 + acfc5d2...5d89552 HEAD -> candidate/dexwin-alvinseyram-ofori-1787668462 (forced update)
[autosave] Tue Aug 25 14:41:40 UTC 2026: Amended and pushed successfully.
[autosave] Tue Aug 25 14:42:40 UTC 2026: Checking for changes...
[autosave] Tue Aug 25 14:42:40 UTC 2026: Changes detected:
 M .devcontainer/autosave.log
[candidate/dexwin-alvinseyram-ofori-1787668462 be5a815] Auto-save backup
 Date: Tue Aug 25 14:37:30 2026 +0000
 1 file changed, 55 insertions(+)
 create mode 100644 .devcontainer/autosave.log
To https://github.com/dexwin-tech-ltd/dexwin-devops-assessment
 + 5d89552...be5a815 HEAD -> candidate/dexwin-alvinseyram-ofori-1787668462 (forced update)
[autosave] Tue Aug 25 14:42:41 UTC 2026: Amended and pushed successfully.
[autosave] Tue Aug 25 14:43:41 UTC 2026: Checking for changes...
[autosave] Tue Aug 25 14:43:41 UTC 2026: Changes detected:
 M .devcontainer/autosave.log
[candidate/dexwin-alvinseyram-ofori-1787668462 b22807b] Auto-save backup
 Date: Tue Aug 25 14:37:30 2026 +0000
 1 file changed, 65 insertions(+)
 create mode 100644 .devcontainer/autosave.log
To https://github.com/dexwin-tech-ltd/dexwin-devops-assessment
 + be5a815...b22807b HEAD -> candidate/dexwin-alvinseyram-ofori-1787668462 (forced update)
[autosave] Tue Aug 25 14:43:43 UTC 2026: Amended and pushed successfully.
[autosave] Tue Aug 25 14:44:43 UTC 2026: Checking for changes...
[autosave] Tue Aug 25 14:44:43 UTC 2026: Changes detected:
 M .devcontainer/autosave.log
[candidate/dexwin-alvinseyram-ofori-1787668462 088c22e] Auto-save backup
 Date: Tue Aug 25 14:37:30 2026 +0000
 1 file changed, 75 insertions(+)
 create mode 100644 .devcontainer/autosave.log
To https://github.com/dexwin-tech-ltd/dexwin-devops-assessment
 + b22807b...088c22e HEAD -> candidate/dexwin-alvinseyram-ofori-1787668462 (forced update)
[autosave] Tue Aug 25 14:44:44 UTC 2026: Amended and pushed successfully.
[autosave] Tue Aug 25 14:45:44 UTC 2026: Checking for changes...
[autosave] Tue Aug 25 14:45:44 UTC 2026: Changes detected:
 M .devcontainer/autosave.log
[candidate/dexwin-alvinseyram-ofori-1787668462 c540f43] Auto-save backup
 Date: Tue Aug 25 14:37:30 2026 +0000
 1 file changed, 85 insertions(+)
 create mode 100644 .devcontainer/autosave.log
To https://github.com/dexwin-tech-ltd/dexwin-devops-assessment
 + 088c22e...c540f43 HEAD -> candidate/dexwin-alvinseyram-ofori-1787668462 (forced update)
[autosave] Tue Aug 25 14:45:46 UTC 2026: Amended and pushed successfully.
[autosave] Tue Aug 25 14:46:46 UTC 2026: Checking for changes...
[autosave] Tue Aug 25 14:46:46 UTC 2026: Changes detected:
 M .devcontainer/autosave.log
[candidate/dexwin-alvinseyram-ofori-1787668462 cd25d3b] Auto-save backup
 Date: Tue Aug 25 14:37:30 2026 +0000
 1 file changed, 95 insertions(+)
 create mode 100644 .devcontainer/autosave.log
To https://github.com/dexwin-tech-ltd/dexwin-devops-assessment
 + c540f43...cd25d3b HEAD -> candidate/dexwin-alvinseyram-ofori-1787668462 (forced update)
[autosave] Tue Aug 25 14:46:47 UTC 2026: Amended and pushed successfully.
[autosave] Tue Aug 25 14:47:47 UTC 2026: Checking for changes...
[autosave] Tue Aug 25 14:47:47 UTC 2026: Changes detected:
 M .devcontainer/autosave.log
[candidate/dexwin-alvinseyram-ofori-1787668462 181fed3] Auto-save backup
 Date: Tue Aug 25 14:37:30 2026 +0000
 1 file changed, 105 insertions(+)
 create mode 100644 .devcontainer/autosave.log
To https://github.com/dexwin-tech-ltd/dexwin-devops-assessment
 + cd25d3b...181fed3 HEAD -> candidate/dexwin-alvinseyram-ofori-1787668462 (forced update)
[autosave] Tue Aug 25 14:47:49 UTC 2026: Amended and pushed successfully.
[autosave] Tue Aug 25 14:48:49 UTC 2026: Checking for changes...
[autosave] Tue Aug 25 14:48:49 UTC 2026: Changes detected:
 M .devcontainer/autosave.log
[candidate/dexwin-alvinseyram-ofori-1787668462 087516a] Auto-save backup
 Date: Tue Aug 25 14:37:30 2026 +0000
 1 file changed, 115 insertions(+)
 create mode 100644 .devcontainer/autosave.log
To https://github.com/dexwin-tech-ltd/dexwin-devops-assessment
 + 181fed3...087516a HEAD -> candidate/dexwin-alvinseyram-ofori-1787668462 (forced update)
[autosave] Tue Aug 25 14:48:50 UTC 2026: Amended and pushed successfully.
[autosave] Tue Aug 25 14:49:50 UTC 2026: Checking for changes...
[autosave] Tue Aug 25 14:49:50 UTC 2026: Changes detected:
 M .devcontainer/autosave.log
[candidate/dexwin-alvinseyram-ofori-1787668462 dc53166] Auto-save backup
 Date: Tue Aug 25 14:37:30 2026 +0000
 1 file changed, 125 insertions(+)
 create mode 100644 .devcontainer/autosave.log
To https://github.com/dexwin-tech-ltd/dexwin-devops-assessment
 + 087516a...dc53166 HEAD -> candidate/dexwin-alvinseyram-ofori-1787668462 (forced update)
[autosave] Tue Aug 25 14:49:52 UTC 2026: Amended and pushed successfully.
[autosave] Tue Aug 25 14:50:52 UTC 2026: Checking for changes...
[autosave] Tue Aug 25 14:50:52 UTC 2026: Changes detected:
 M .devcontainer/autosave.log
[candidate/dexwin-alvinseyram-ofori-1787668462 382070f] Auto-save backup
 Date: Tue Aug 25 14:37:30 2026 +0000
 1 file changed, 135 insertions(+)
 create mode 100644 .devcontainer/autosave.log
To https://github.com/dexwin-tech-ltd/dexwin-devops-assessment
 + dc53166...382070f HEAD -> candidate/dexwin-alvinseyram-ofori-1787668462 (forced update)
[autosave] Tue Aug 25 14:50:53 UTC 2026: Amended and pushed successfully.
[autosave] Tue Aug 25 14:51:53 UTC 2026: Checking for changes...
[autosave] Tue Aug 25 14:51:53 UTC 2026: Changes detected:
 M .devcontainer/autosave.log
[candidate/dexwin-alvinseyram-ofori-1787668462 5684d95] Auto-save backup
 Date: Tue Aug 25 14:37:30 2026 +0000
 1 file changed, 145 insertions(+)
 create mode 100644 .devcontainer/autosave.log
To https://github.com/dexwin-tech-ltd/dexwin-devops-assessment
 + 382070f...5684d95 HEAD -> candidate/dexwin-alvinseyram-ofori-1787668462 (forced update)
[autosave] Tue Aug 25 14:51:55 UTC 2026: Amended and pushed successfully.
[autosave] Tue Aug 25 14:52:55 UTC 2026: Checking for changes...
[autosave] Tue Aug 25 14:52:55 UTC 2026: Changes detected:
 M .devcontainer/autosave.log
[candidate/dexwin-alvinseyram-ofori-1787668462 238e0af] Auto-save backup
 Date: Tue Aug 25 14:37:30 2026 +0000
 1 file changed, 155 insertions(+)
 create mode 100644 .devcontainer/autosave.log
To https://github.com/dexwin-tech-ltd/dexwin-devops-assessment
 + 5684d95...238e0af HEAD -> candidate/dexwin-alvinseyram-ofori-1787668462 (forced update)
[autosave] Tue Aug 25 14:52:57 UTC 2026: Amended and pushed successfully.
[autosave] Tue Aug 25 14:53:57 UTC 2026: Checking for changes...
[autosave] Tue Aug 25 14:53:57 UTC 2026: Changes detected:
 M .devcontainer/autosave.log
[candidate/dexwin-alvinseyram-ofori-1787668462 cb4105b] Auto-save backup
 Date: Tue Aug 25 14:37:30 2026 +0000
 1 file changed, 165 insertions(+)
 create mode 100644 .devcontainer/autosave.log
To https://github.com/dexwin-tech-ltd/dexwin-devops-assessment
 + 238e0af...cb4105b HEAD -> candidate/dexwin-alvinseyram-ofori-1787668462 (forced update)
[autosave] Tue Aug 25 14:53:58 UTC 2026: Amended and pushed successfully.
[autosave] Tue Aug 25 14:54:58 UTC 2026: Checking for changes...
[autosave] Tue Aug 25 14:54:58 UTC 2026: Changes detected:
 M .devcontainer/autosave.log
[candidate/dexwin-alvinseyram-ofori-1787668462 ba3d055] Auto-save backup
 Date: Tue Aug 25 14:37:30 2026 +0000
 1 file changed, 175 insertions(+)
 create mode 100644 .devcontainer/autosave.log
To https://github.com/dexwin-tech-ltd/dexwin-devops-assessment
 + cb4105b...ba3d055 HEAD -> candidate/dexwin-alvinseyram-ofori-1787668462 (forced update)
[autosave] Tue Aug 25 14:55:00 UTC 2026: Amended and pushed successfully.
[autosave] Tue Aug 25 14:56:00 UTC 2026: Checking for changes...
[autosave] Tue Aug 25 14:56:00 UTC 2026: Changes detected:
 M .devcontainer/autosave.log
[candidate/dexwin-alvinseyram-ofori-1787668462 2739e84] Auto-save backup
 Date: Tue Aug 25 14:37:30 2026 +0000
 1 file changed, 185 insertions(+)
 create mode 100644 .devcontainer/autosave.log
To https://github.com/dexwin-tech-ltd/dexwin-devops-assessment
 + ba3d055...2739e84 HEAD -> candidate/dexwin-alvinseyram-ofori-1787668462 (forced update)
[autosave] Tue Aug 25 14:56:02 UTC 2026: Amended and pushed successfully.
[autosave] Tue Aug 25 14:57:02 UTC 2026: Checking for changes...
[autosave] Tue Aug 25 14:57:02 UTC 2026: Changes detected:
 M .devcontainer/autosave.log
[candidate/dexwin-alvinseyram-ofori-1787668462 3b5725e] Auto-save backup
 Date: Tue Aug 25 14:37:30 2026 +0000
 1 file changed, 195 insertions(+)
 create mode 100644 .devcontainer/autosave.log
To https://github.com/dexwin-tech-ltd/dexwin-devops-assessment
 + 2739e84...3b5725e HEAD -> candidate/dexwin-alvinseyram-ofori-1787668462 (forced update)
[autosave] Tue Aug 25 14:57:03 UTC 2026: Amended and pushed successfully.
[autosave] Tue Aug 25 14:58:03 UTC 2026: Checking for changes...
[autosave] Tue Aug 25 14:58:03 UTC 2026: Changes detected:
 M .devcontainer/autosave.log
[candidate/dexwin-alvinseyram-ofori-1787668462 9e30832] Auto-save backup
 Date: Tue Aug 25 14:37:30 2026 +0000
 1 file changed, 205 insertions(+)
 create mode 100644 .devcontainer/autosave.log
To https://github.com/dexwin-tech-ltd/dexwin-devops-assessment
 + 3b5725e...9e30832 HEAD -> candidate/dexwin-alvinseyram-ofori-1787668462 (forced update)
[autosave] Tue Aug 25 14:58:05 UTC 2026: Amended and pushed successfully.
[autosave] Tue Aug 25 14:59:05 UTC 2026: Checking for changes...
[autosave] Tue Aug 25 14:59:05 UTC 2026: Changes detected:
 M .devcontainer/autosave.log
[candidate/dexwin-alvinseyram-ofori-1787668462 b29b9a8] Auto-save backup
 Date: Tue Aug 25 14:37:30 2026 +0000
 1 file changed, 215 insertions(+)
 create mode 100644 .devcontainer/autosave.log
To https://github.com/dexwin-tech-ltd/dexwin-devops-assessment
 + 9e30832...b29b9a8 HEAD -> candidate/dexwin-alvinseyram-ofori-1787668462 (forced update)
[autosave] Tue Aug 25 14:59:06 UTC 2026: Amended and pushed successfully.
[autosave] Tue Aug 25 15:00:06 UTC 2026: Checking for changes...
[autosave] Tue Aug 25 15:00:06 UTC 2026: Changes detected:
 M .devcontainer/autosave.log
[candidate/dexwin-alvinseyram-ofori-1787668462 3847b17] Auto-save backup
 Date: Tue Aug 25 14:37:30 2026 +0000
 1 file changed, 225 insertions(+)
 create mode 100644 .devcontainer/autosave.log
To https://github.com/dexwin-tech-ltd/dexwin-devops-assessment
 + b29b9a8...3847b17 HEAD -> candidate/dexwin-alvinseyram-ofori-1787668462 (forced update)
[autosave] Tue Aug 25 15:00:08 UTC 2026: Amended and pushed successfully.
[autosave] Tue Aug 25 15:01:08 UTC 2026: Checking for changes...
[autosave] Tue Aug 25 15:01:08 UTC 2026: Changes detected:
 M .devcontainer/autosave.log
[candidate/dexwin-alvinseyram-ofori-1787668462 89b9258] Auto-save backup
 Date: Tue Aug 25 14:37:30 2026 +0000
 1 file changed, 235 insertions(+)
 create mode 100644 .devcontainer/autosave.log
To https://github.com/dexwin-tech-ltd/dexwin-devops-assessment
 + 3847b17...89b9258 HEAD -> candidate/dexwin-alvinseyram-ofori-1787668462 (forced update)
[autosave] Tue Aug 25 15:01:09 UTC 2026: Amended and pushed successfully.
[autosave] Tue Aug 25 15:02:09 UTC 2026: Checking for changes...
[autosave] Tue Aug 25 15:02:09 UTC 2026: Changes detected:
 M .devcontainer/autosave.log
[candidate/dexwin-alvinseyram-ofori-1787668462 06b2980] Auto-save backup
 Date: Tue Aug 25 14:37:30 2026 +0000
 1 file changed, 245 insertions(+)
 create mode 100644 .devcontainer/autosave.log
To https://github.com/dexwin-tech-ltd/dexwin-devops-assessment
 + 89b9258...06b2980 HEAD -> candidate/dexwin-alvinseyram-ofori-1787668462 (forced update)
[autosave] Tue Aug 25 15:02:12 UTC 2026: Amended and pushed successfully.
[autosave] Tue Aug 25 15:03:12 UTC 2026: Checking for changes...
[autosave] Tue Aug 25 15:03:12 UTC 2026: Changes detected:
 M .devcontainer/autosave.log
[candidate/dexwin-alvinseyram-ofori-1787668462 26d9f30] Auto-save backup
 Date: Tue Aug 25 14:37:30 2026 +0000
 1 file changed, 255 insertions(+)
 create mode 100644 .devcontainer/autosave.log
To https://github.com/dexwin-tech-ltd/dexwin-devops-assessment
 + 06b2980...26d9f30 HEAD -> candidate/dexwin-alvinseyram-ofori-1787668462 (forced update)
[autosave] Tue Aug 25 15:03:13 UTC 2026: Amended and pushed successfully.
[autosave] Tue Aug 25 15:04:13 UTC 2026: Checking for changes...
[autosave] Tue Aug 25 15:04:13 UTC 2026: Changes detected:
 M .devcontainer/autosave.log
[candidate/dexwin-alvinseyram-ofori-1787668462 effc940] Auto-save backup
 Date: Tue Aug 25 14:37:30 2026 +0000
 1 file changed, 265 insertions(+)
 create mode 100644 .devcontainer/autosave.log
To https://github.com/dexwin-tech-ltd/dexwin-devops-assessment
 + 26d9f30...effc940 HEAD -> candidate/dexwin-alvinseyram-ofori-1787668462 (forced update)
[autosave] Tue Aug 25 15:04:14 UTC 2026: Amended and pushed successfully.
[autosave] Tue Aug 25 15:04:14 UTC 2026: WARNING - Final 60 seconds! Accelerating to every 10s.
[autosave] Tue Aug 25 15:04:24 UTC 2026: Checking for changes...
[autosave] Tue Aug 25 15:04:24 UTC 2026: Changes detected:
 M .devcontainer/autosave.log
[candidate/dexwin-alvinseyram-ofori-1787668462 86d36ad] Auto-save backup
 Date: Tue Aug 25 14:37:30 2026 +0000
 1 file changed, 276 insertions(+)
 create mode 100644 .devcontainer/autosave.log
To https://github.com/dexwin-tech-ltd/dexwin-devops-assessment
 + effc940...86d36ad HEAD -> candidate/dexwin-alvinseyram-ofori-1787668462 (forced update)
[autosave] Tue Aug 25 15:04:26 UTC 2026: Amended and pushed successfully.
[autosave] Tue Aug 25 15:05:26 UTC 2026: Checking for changes...
[autosave] Tue Aug 25 15:05:26 UTC 2026: Changes detected:
 M .devcontainer/autosave.log
[candidate/dexwin-alvinseyram-ofori-1787668462 ec7503e] Auto-save backup
 Date: Tue Aug 25 14:37:30 2026 +0000
 1 file changed, 286 insertions(+)
 create mode 100644 .devcontainer/autosave.log
To https://github.com/dexwin-tech-ltd/dexwin-devops-assessment
 + 86d36ad...ec7503e HEAD -> candidate/dexwin-alvinseyram-ofori-1787668462 (forced update)
[autosave] Tue Aug 25 15:05:27 UTC 2026: Amended and pushed successfully.
[autosave] Tue Aug 25 15:06:27 UTC 2026: Checking for changes...
[autosave] Tue Aug 25 15:06:27 UTC 2026: Changes detected:
 M .devcontainer/autosave.log
[candidate/dexwin-alvinseyram-ofori-1787668462 c68c735] Auto-save backup
 Date: Tue Aug 25 14:37:30 2026 +0000
 1 file changed, 296 insertions(+)
 create mode 100644 .devcontainer/autosave.log
To https://github.com/dexwin-tech-ltd/dexwin-devops-assessment
 + ec7503e...c68c735 HEAD -> candidate/dexwin-alvinseyram-ofori-1787668462 (forced update)
[autosave] Tue Aug 25 15:06:29 UTC 2026: Amended and pushed successfully.
[autosave] Tue Aug 25 15:07:29 UTC 2026: Checking for changes...
[autosave] Tue Aug 25 15:07:29 UTC 2026: Changes detected:
 M .devcontainer/autosave.log
[candidate/dexwin-alvinseyram-ofori-1787668462 8ccf74e] Auto-save backup
 Date: Tue Aug 25 14:37:30 2026 +0000
 1 file changed, 306 insertions(+)
 create mode 100644 .devcontainer/autosave.log
To https://github.com/dexwin-tech-ltd/dexwin-devops-assessment
 + c68c735...8ccf74e HEAD -> candidate/dexwin-alvinseyram-ofori-1787668462 (forced update)
[autosave] Tue Aug 25 15:07:31 UTC 2026: Amended and pushed successfully.
[autosave] Tue Aug 25 15:08:31 UTC 2026: Checking for changes...
[autosave] Tue Aug 25 15:08:31 UTC 2026: Changes detected:
 M .devcontainer/autosave.log
